2026-06-08 18:46:11 | INFO | Log file: logs/TFG_20260608_184611/train.log
2026-06-08 18:46:11 | INFO | Training start
2026-06-08 18:46:11 | INFO | Using device: cuda
2026-06-08 18:46:11 | INFO | ========== Training Config ==========
2026-06-08 18:46:11 | INFO | CUDA_VISIBLE_DEVICES  : 0,1,2,3
2026-06-08 18:46:11 | INFO | cuda_available        : True
2026-06-08 18:46:11 | INFO | visible_gpu_count     : 4
2026-06-08 18:46:11 | INFO | model                 : TFGridNetV2 serial
2026-06-08 18:46:11 | INFO | mic                   : 8
2026-06-08 18:46:11 | INFO | sh_order              : 4
2026-06-08 18:46:11 | INFO | sh_channels           : 25
2026-06-08 18:46:11 | INFO | epochs                : 100
2026-06-08 18:46:11 | INFO | batch_size            : 8
2026-06-08 18:46:11 | INFO | num_worker            : 8
2026-06-08 18:46:11 | INFO | lr                    : 0.001
2026-06-08 18:46:11 | INFO | fft_len               : 512
2026-06-08 18:46:11 | INFO | stride                : 256
2026-06-08 18:46:11 | INFO | chunk_seconds         : 2
2026-06-08 18:46:11 | INFO | sample_rate           : 16000
2026-06-08 18:46:11 | INFO | optimizer             : Adam
2026-06-08 18:46:11 | INFO | loss                  : MSELoss
2026-06-08 18:46:11 | INFO | model_dir             : model_tfg_serial_8mic
2026-06-08 18:46:11 | INFO | gpu_0                 : NVIDIA GeForce RTX 2080 Ti | 10.6 GB
2026-06-08 18:46:11 | INFO | gpu_1                 : NVIDIA GeForce RTX 2080 Ti | 10.6 GB
2026-06-08 18:46:11 | INFO | gpu_2                 : NVIDIA GeForce RTX 2080 Ti | 10.6 GB
2026-06-08 18:46:11 | INFO | gpu_3                 : NVIDIA GeForce RTX 2080 Ti | 10.6 GB
2026-06-08 18:46:11 | INFO | ---------- Data Paths ----------
2026-06-08 18:46:11 | INFO | train_wav_scp         : /data/lizhe/SH_data/Mic8_2s_gpurir/loader_txt/wav_scp/wav_scp_train.txt
2026-06-08 18:46:11 | INFO | train_mix_dir         : /data/lizhe/SH_data/Mic8_2s_gpurir/generated_data/train/mix
2026-06-08 18:46:11 | INFO | train_ref_dir         : /data/lizhe/SH_data/Mic8_2s_gpurir/generated_data/train/noreverb_ref
2026-06-08 18:46:11 | INFO | train_mic_dir         : /data/lizhe/SH_data/Mic8_2s_gpurir/RIR/cir_uniform_8/train_val_rir/MIC
2026-06-08 18:46:11 | INFO | val_wav_scp           : /data/lizhe/SH_data/Mic8_2s_gpurir/loader_txt/wav_scp/wav_scp_val.txt
2026-06-08 18:46:11 | INFO | val_mix_dir           : /data/lizhe/SH_data/Mic8_2s_gpurir/generated_data/val/mix
2026-06-08 18:46:11 | INFO | val_ref_dir           : /data/lizhe/SH_data/Mic8_2s_gpurir/generated_data/val/noreverb_ref
2026-06-08 18:46:11 | INFO | val_mic_dir           : /data/lizhe/SH_data/Mic8_2s_gpurir/RIR/cir_uniform_8/train_val_rir/MIC
2026-06-08 18:46:11 | INFO | =====================================
2026-06-08 18:46:11 | INFO | Baseline model: TFGridNetV2 serial SHC input, no ADFS
2026-06-08 18:46:11 | INFO | Use 4 GPUs for DataParallel
2026-06-08 18:46:11 | INFO | Trainable parameters: 1,915,601
2026-06-08 18:46:12 | INFO | Model save dir: model_tfg_serial_8mic
2026-06-08 18:46:12 | INFO | Run config saved to: logs/TFG_20260608_184611/run_config.json
2026-06-08 18:46:12 | INFO | Run config saved to: model_tfg_serial_8mic/run_config.json
2026-06-08 18:46:12 | INFO | ========== Dataset Summary ==========
2026-06-08 18:46:12 | INFO | train utterances=42367 | train batches=5296
2026-06-08 18:46:12 | INFO | val utterances=4837 | val batches=605
2026-06-08 18:46:12 | INFO | =====================================
2026-06-08 18:46:12 | INFO | Epoch 1/100 | Train start | batches=5296 | lr=0.00100000
