2026-05-10 17:36:02 | INFO | Log file: logs/TFG_20260510_173602/train.log
2026-05-10 17:36:02 | INFO | Training start
2026-05-10 17:36:02 | INFO | Using device: cuda
2026-05-10 17:36:02 | INFO | Trainable parameters: 1,951,369
2026-05-10 17:36:02 | INFO | Resume training from: ./model_test/network_epoch10.pth
2026-05-10 17:36:02 | INFO | Successfully loaded backbone weights. New parameters (Alpha/ADFS) initialized from defaults.
2026-05-10 17:36:02 | INFO | --- Running ADFS Integration Check ---
2026-05-10 17:36:02 | INFO | Success: ADFS module found in the network.
2026-05-10 17:36:02 | INFO | Param: adfs_optimizer.freq_net.0.weight | Requires_Grad: True
2026-05-10 17:36:02 | INFO | Param: adfs_optimizer.freq_net.0.bias | Requires_Grad: True
2026-05-10 17:36:02 | INFO | Param: adfs_optimizer.freq_net.2.weight | Requires_Grad: True
2026-05-10 17:36:02 | INFO | Param: adfs_optimizer.freq_net.2.bias | Requires_Grad: True
2026-05-10 17:36:02 | INFO | Param: adfs_optimizer.channel_gate.1.weight | Requires_Grad: True
2026-05-10 17:36:02 | INFO | Param: adfs_optimizer.channel_gate.1.bias | Requires_Grad: True
2026-05-10 17:36:02 | INFO | --- Check Done ---
2026-05-10 17:36:03 | INFO | Stage 1: ADFS is frozen. Training backbone only.
2026-05-10 17:36:03 | INFO | Epoch 1/100 | Train start | batches=5882
2026-05-10 19:24:18 | INFO | Epoch 1/100 | Train done | train_loss=0.000248 | time=108.26 min
2026-05-10 19:24:18 | INFO | Epoch 1/100 | Val start   | batches=895
2026-05-10 19:30:08 | INFO | Epoch 1/100 | Val done   | val_loss=0.000514 | time=5.83 min
2026-05-10 19:30:08 | INFO | Epoch 1/100 | lr=0.00100000 | best_val=0.000514 | saved=model_best.pth
2026-05-10 19:30:08 | INFO | Epoch 2/100 | Train start | batches=5882
2026-05-10 21:17:46 | INFO | Epoch 2/100 | Train done | train_loss=0.000240 | time=107.63 min
2026-05-10 21:17:46 | INFO | Epoch 2/100 | Val start   | batches=895
2026-05-10 21:23:37 | INFO | Epoch 2/100 | Val done   | val_loss=0.000514 | time=5.85 min
2026-05-10 21:23:37 | INFO | Epoch 2/100 | val not improved | lr adjusted to 0.00050000 | no_impv=1
2026-05-10 21:23:38 | INFO | Epoch 3/100 | Train start | batches=5882
2026-05-10 23:11:12 | INFO | Epoch 3/100 | Train done | train_loss=0.000218 | time=107.58 min
2026-05-10 23:11:12 | INFO | Epoch 3/100 | Val start   | batches=895
2026-05-10 23:16:56 | INFO | Epoch 3/100 | Val done   | val_loss=0.000458 | time=5.73 min
2026-05-10 23:16:56 | INFO | Epoch 3/100 | lr=0.00050000 | best_val=0.000458 | saved=model_best.pth
2026-05-10 23:16:56 | INFO | Epoch 4/100 | Train start | batches=5882
2026-05-11 01:04:38 | INFO | Epoch 4/100 | Train done | train_loss=0.000206 | time=107.69 min
2026-05-11 01:04:38 | INFO | Epoch 4/100 | Val start   | batches=895
2026-05-11 01:10:41 | INFO | Epoch 4/100 | Val done   | val_loss=0.000461 | time=6.06 min
2026-05-11 01:10:41 | INFO | Epoch 4/100 | val not improved | lr adjusted to 0.00025000 | no_impv=1
2026-05-11 01:10:42 | INFO | Epoch 5/100 | Train start | batches=5882
2026-05-11 02:59:42 | INFO | Epoch 5/100 | Train done | train_loss=0.000194 | time=109.01 min
2026-05-11 02:59:42 | INFO | Epoch 5/100 | Val start   | batches=895
2026-05-11 03:05:45 | INFO | Epoch 5/100 | Val done   | val_loss=0.000467 | time=6.05 min
2026-05-11 03:05:45 | INFO | Epoch 5/100 | val not improved | lr adjusted to 0.00012500 | no_impv=2
2026-05-11 03:05:46 | INFO | Epoch 6/100 | Train start | batches=5882
2026-05-11 04:54:33 | INFO | Epoch 6/100 | Train done | train_loss=0.000186 | time=108.79 min
2026-05-11 04:54:33 | INFO | Epoch 6/100 | Val start   | batches=895
2026-05-11 05:00:37 | INFO | Epoch 6/100 | Val done   | val_loss=0.000457 | time=6.07 min
2026-05-11 05:00:37 | INFO | Epoch 6/100 | lr=0.00012500 | best_val=0.000457 | saved=model_best.pth
2026-05-11 05:00:37 | INFO | Epoch 7/100 | Train start | batches=5882
2026-05-11 06:49:39 | INFO | Epoch 7/100 | Train done | train_loss=0.000184 | time=109.03 min
2026-05-11 06:49:39 | INFO | Epoch 7/100 | Val start   | batches=895
2026-05-11 06:55:51 | INFO | Epoch 7/100 | Val done   | val_loss=0.000454 | time=6.21 min
2026-05-11 06:55:51 | INFO | Epoch 7/100 | lr=0.00012500 | best_val=0.000454 | saved=model_best.pth
2026-05-11 06:55:52 | INFO | Epoch 8/100 | Train start | batches=5882
2026-05-11 08:48:13 | INFO | Epoch 8/100 | Train done | train_loss=0.000182 | time=112.35 min
2026-05-11 08:48:13 | INFO | Epoch 8/100 | Val start   | batches=895
2026-05-11 08:54:18 | INFO | Epoch 8/100 | Val done   | val_loss=0.000463 | time=6.09 min
2026-05-11 08:54:18 | INFO | Epoch 8/100 | val not improved | lr adjusted to 0.00006250 | no_impv=1
2026-05-11 08:54:18 | INFO | Epoch 9/100 | Train start | batches=5882
2026-05-11 10:43:32 | INFO | Epoch 9/100 | Train done | train_loss=0.000178 | time=109.23 min
2026-05-11 10:43:32 | INFO | Epoch 9/100 | Val start   | batches=895
2026-05-11 10:49:17 | INFO | Epoch 9/100 | Val done   | val_loss=0.000459 | time=5.76 min
2026-05-11 10:49:17 | INFO | Epoch 9/100 | val not improved | lr adjusted to 0.00003125 | no_impv=2
2026-05-11 10:49:18 | INFO | Epoch 10/100 | Train start | batches=5882
2026-05-11 12:38:28 | INFO | Epoch 10/100 | Train done | train_loss=0.000176 | time=109.18 min
2026-05-11 12:38:28 | INFO | Epoch 10/100 | Val start   | batches=895
2026-05-11 12:44:25 | INFO | Epoch 10/100 | Val done   | val_loss=0.000456 | time=5.95 min
2026-05-11 12:44:25 | INFO | Epoch 10/100 | val not improved | lr adjusted to 0.00001563 | no_impv=3
2026-05-11 12:44:26 | INFO | Stage 2: ADFS is unfrozen. Training all modules.
2026-05-11 12:44:26 | INFO | Epoch 11/100 | Train start | batches=5882
2026-05-11 14:32:48 | INFO | Epoch 11/100 | Train done | train_loss=0.000213 | time=108.38 min
2026-05-11 14:32:48 | INFO | Epoch 11/100 | Val start   | batches=895
2026-05-11 14:38:32 | INFO | Epoch 11/100 | Val done   | val_loss=0.000484 | time=5.73 min
2026-05-11 14:38:32 | INFO | Epoch 11/100 | val not improved | lr adjusted to 0.00500000 | no_impv=4
2026-05-11 14:38:32 | INFO | Epoch 12/100 | Train start | batches=5882
2026-05-11 16:27:08 | INFO | Epoch 12/100 | Train done | train_loss=0.000207 | time=108.60 min
2026-05-11 16:27:08 | INFO | Epoch 12/100 | Val start   | batches=895
2026-05-11 16:33:09 | INFO | Epoch 12/100 | Val done   | val_loss=0.000444 | time=6.01 min
2026-05-11 16:33:09 | INFO | Epoch 12/100 | lr=0.00500000 | best_val=0.000444 | saved=model_best.pth
2026-05-11 16:33:10 | INFO | Epoch 13/100 | Train start | batches=5882
2026-05-11 18:21:47 | INFO | Epoch 13/100 | Train done | train_loss=0.000202 | time=108.62 min
2026-05-11 18:21:47 | INFO | Epoch 13/100 | Val start   | batches=895
2026-05-11 18:27:51 | INFO | Epoch 13/100 | Val done   | val_loss=0.000449 | time=6.07 min
2026-05-11 18:27:51 | INFO | Epoch 13/100 | val not improved | lr adjusted to 0.00250000 | no_impv=1
2026-05-11 18:27:51 | INFO | Epoch 14/100 | Train start | batches=5882
