2026-06-11 21:06:49 | INFO | Log file: logs/TFG_20260611_210649/train.log
2026-06-11 21:06:49 | INFO | Training start
2026-06-11 21:06:49 | INFO | Using device: cuda
2026-06-11 21:06:49 | INFO | ========== Training Config ==========
2026-06-11 21:06:49 | INFO | CUDA_VISIBLE_DEVICES  : 0,1,2,3
2026-06-11 21:06:49 | INFO | cuda_available        : True
2026-06-11 21:06:49 | INFO | visible_gpu_count     : 1
2026-06-11 21:06:49 | INFO | model                 : TFGridNetV2 serial
2026-06-11 21:06:49 | INFO | mic                   : 8
2026-06-11 21:06:49 | INFO | sh_order              : 4
2026-06-11 21:06:49 | INFO | sh_channels           : 25
2026-06-11 21:06:49 | INFO | enable_order_grouping : True
2026-06-11 21:06:49 | INFO | order_hidden_dim      : None
2026-06-11 21:06:49 | INFO | epochs                : 100
2026-06-11 21:06:49 | INFO | batch_size            : 8
2026-06-11 21:06:49 | INFO | num_worker            : 8
2026-06-11 21:06:49 | INFO | lr                    : 0.001
2026-06-11 21:06:49 | INFO | fft_len               : 512
2026-06-11 21:06:49 | INFO | stride                : 256
2026-06-11 21:06:49 | INFO | chunk_seconds         : 2
2026-06-11 21:06:49 | INFO | sample_rate           : 16000
2026-06-11 21:06:49 | INFO | optimizer             : Adam
2026-06-11 21:06:49 | INFO | loss_type             : mse
2026-06-11 21:06:49 | INFO | sisdr_weight          : 0.01
2026-06-11 21:06:49 | INFO | stft_weight           : 0.5
2026-06-11 21:06:49 | INFO | stft_loss_fft         : 512
2026-06-11 21:06:49 | INFO | stft_loss_hop         : 256
2026-06-11 21:06:49 | INFO | model_dir             : model_grouping_only_8mic
2026-06-11 21:06:49 | INFO | gpu_0                 : NVIDIA GeForce RTX 5090 | 31.4 GB
2026-06-11 21:06:49 | INFO | ---------- Data Paths ----------
2026-06-11 21:06:49 | INFO | train_wav_scp         : /root/autodl-tmp/SH_data/Mic8_2s_gpurir/loader_txt/wav_scp/wav_scp_train.txt
2026-06-11 21:06:49 | INFO | train_mix_dir         : /root/autodl-tmp/SH_data/Mic8_2s_gpurir/generated_data/train/mix
2026-06-11 21:06:49 | INFO | train_ref_dir         : /root/autodl-tmp/SH_data/Mic8_2s_gpurir/generated_data/train/noreverb_ref
2026-06-11 21:06:49 | INFO | train_mic_dir         : /root/autodl-tmp/SH_data/Mic8_2s_gpurir/RIR/cir_uniform_8/train_val_rir/MIC
2026-06-11 21:06:49 | INFO | val_wav_scp           : /root/autodl-tmp/SH_data/Mic8_2s_gpurir/loader_txt/wav_scp/wav_scp_val.txt
2026-06-11 21:06:49 | INFO | val_mix_dir           : /root/autodl-tmp/SH_data/Mic8_2s_gpurir/generated_data/val/mix
2026-06-11 21:06:49 | INFO | val_ref_dir           : /root/autodl-tmp/SH_data/Mic8_2s_gpurir/generated_data/val/noreverb_ref
2026-06-11 21:06:49 | INFO | val_mic_dir           : /root/autodl-tmp/SH_data/Mic8_2s_gpurir/RIR/cir_uniform_8/train_val_rir/MIC
2026-06-11 21:06:49 | INFO | =====================================
2026-06-11 21:06:49 | INFO | Model: TFGridNetV2 serial + order-wise SH grouping (sh_order=4, order_hidden_dim=32)
2026-06-11 21:06:49 | INFO | Trainable parameters: 1,921,361
2026-06-11 21:06:50 | INFO | Loss function: mse | sisdr_weight=0.01 | stft_weight=0.5
2026-06-11 21:06:50 | INFO | Model save dir: model_grouping_only_8mic
2026-06-11 21:06:50 | INFO | Run config saved to: logs/TFG_20260611_210649/run_config.json
2026-06-11 21:06:50 | INFO | Run config saved to: model_grouping_only_8mic/run_config.json
2026-06-11 21:06:50 | INFO | ========== Dataset Summary ==========
2026-06-11 21:06:50 | INFO | train utterances=42367 | train batches=5296
2026-06-11 21:06:50 | INFO | val utterances=4837 | val batches=605
2026-06-11 21:06:50 | INFO | =====================================
2026-06-11 21:06:50 | INFO | Epoch 1/100 | Train start | batches=5296 | lr=0.00100000
