2026-05-10 17:36:02 | INFO | Log file: logs/TFG_20260510_173602/train.log
2026-05-10 17:36:02 | INFO | Training start
2026-05-10 17:36:02 | INFO | Using device: cuda
2026-05-10 17:36:02 | INFO | Trainable parameters: 1,951,369
2026-05-10 17:36:02 | INFO | Resume training from: ./model_test/network_epoch10.pth
2026-05-10 17:36:02 | INFO | Successfully loaded backbone weights. New parameters (Alpha/ADFS) initialized from defaults.
2026-05-10 17:36:02 | INFO | --- Running ADFS Integration Check ---
2026-05-10 17:36:02 | INFO | Success: ADFS module found in the network.
2026-05-10 17:36:02 | INFO | Param: adfs_optimizer.freq_net.0.weight | Requires_Grad: True
2026-05-10 17:36:02 | INFO | Param: adfs_optimizer.freq_net.0.bias | Requires_Grad: True
2026-05-10 17:36:02 | INFO | Param: adfs_optimizer.freq_net.2.weight | Requires_Grad: True
2026-05-10 17:36:02 | INFO | Param: adfs_optimizer.freq_net.2.bias | Requires_Grad: True
2026-05-10 17:36:02 | INFO | Param: adfs_optimizer.channel_gate.1.weight | Requires_Grad: True
2026-05-10 17:36:02 | INFO | Param: adfs_optimizer.channel_gate.1.bias | Requires_Grad: True
2026-05-10 17:36:02 | INFO | --- Check Done ---
2026-05-10 17:36:03 | INFO | Stage 1: ADFS is frozen. Training backbone only.
2026-05-10 17:36:03 | INFO | Epoch 1/100 | Train start | batches=5882
2026-05-10 19:24:18 | INFO | Epoch 1/100 | Train done | train_loss=0.000248 | time=108.26 min
2026-05-10 19:24:18 | INFO | Epoch 1/100 | Val start   | batches=895
2026-05-10 19:30:08 | INFO | Epoch 1/100 | Val done   | val_loss=0.000514 | time=5.83 min
2026-05-10 19:30:08 | INFO | Epoch 1/100 | lr=0.00100000 | best_val=0.000514 | saved=model_best.pth
2026-05-10 19:30:08 | INFO | Epoch 2/100 | Train start | batches=5882
2026-05-10 21:17:46 | INFO | Epoch 2/100 | Train done | train_loss=0.000240 | time=107.63 min
2026-05-10 21:17:46 | INFO | Epoch 2/100 | Val start   | batches=895
2026-05-10 21:23:37 | INFO | Epoch 2/100 | Val done   | val_loss=0.000514 | time=5.85 min
2026-05-10 21:23:37 | INFO | Epoch 2/100 | val not improved | lr adjusted to 0.00050000 | no_impv=1
2026-05-10 21:23:38 | INFO | Epoch 3/100 | Train start | batches=5882
2026-05-10 23:11:12 | INFO | Epoch 3/100 | Train done | train_loss=0.000218 | time=107.58 min
2026-05-10 23:11:12 | INFO | Epoch 3/100 | Val start   | batches=895
2026-05-10 23:16:56 | INFO | Epoch 3/100 | Val done   | val_loss=0.000458 | time=5.73 min
2026-05-10 23:16:56 | INFO | Epoch 3/100 | lr=0.00050000 | best_val=0.000458 | saved=model_best.pth
2026-05-10 23:16:56 | INFO | Epoch 4/100 | Train start | batches=5882
2026-05-11 01:04:38 | INFO | Epoch 4/100 | Train done | train_loss=0.000206 | time=107.69 min
2026-05-11 01:04:38 | INFO | Epoch 4/100 | Val start   | batches=895
2026-05-11 01:10:41 | INFO | Epoch 4/100 | Val done   | val_loss=0.000461 | time=6.06 min
2026-05-11 01:10:41 | INFO | Epoch 4/100 | val not improved | lr adjusted to 0.00025000 | no_impv=1
2026-05-11 01:10:42 | INFO | Epoch 5/100 | Train start | batches=5882
2026-05-11 02:59:42 | INFO | Epoch 5/100 | Train done | train_loss=0.000194 | time=109.01 min
2026-05-11 02:59:42 | INFO | Epoch 5/100 | Val start   | batches=895
2026-05-11 03:05:45 | INFO | Epoch 5/100 | Val done   | val_loss=0.000467 | time=6.05 min
2026-05-11 03:05:45 | INFO | Epoch 5/100 | val not improved | lr adjusted to 0.00012500 | no_impv=2
2026-05-11 03:05:46 | INFO | Epoch 6/100 | Train start | batches=5882
2026-05-11 04:54:33 | INFO | Epoch 6/100 | Train done | train_loss=0.000186 | time=108.79 min
2026-05-11 04:54:33 | INFO | Epoch 6/100 | Val start   | batches=895
2026-05-11 05:00:37 | INFO | Epoch 6/100 | Val done   | val_loss=0.000457 | time=6.07 min
2026-05-11 05:00:37 | INFO | Epoch 6/100 | lr=0.00012500 | best_val=0.000457 | saved=model_best.pth
2026-05-11 05:00:37 | INFO | Epoch 7/100 | Train start | batches=5882
2026-05-11 06:49:39 | INFO | Epoch 7/100 | Train done | train_loss=0.000184 | time=109.03 min
2026-05-11 06:49:39 | INFO | Epoch 7/100 | Val start   | batches=895
2026-05-11 06:55:51 | INFO | Epoch 7/100 | Val done   | val_loss=0.000454 | time=6.21 min
2026-05-11 06:55:51 | INFO | Epoch 7/100 | lr=0.00012500 | best_val=0.000454 | saved=model_best.pth
2026-05-11 06:55:52 | INFO | Epoch 8/100 | Train start | batches=5882
2026-05-11 08:48:13 | INFO | Epoch 8/100 | Train done | train_loss=0.000182 | time=112.35 min
2026-05-11 08:48:13 | INFO | Epoch 8/100 | Val start   | batches=895
2026-05-11 08:54:18 | INFO | Epoch 8/100 | Val done   | val_loss=0.000463 | time=6.09 min
2026-05-11 08:54:18 | INFO | Epoch 8/100 | val not improved | lr adjusted to 0.00006250 | no_impv=1
2026-05-11 08:54:18 | INFO | Epoch 9/100 | Train start | batches=5882
2026-05-11 10:43:32 | INFO | Epoch 9/100 | Train done | train_loss=0.000178 | time=109.23 min
2026-05-11 10:43:32 | INFO | Epoch 9/100 | Val start   | batches=895
2026-05-11 10:49:17 | INFO | Epoch 9/100 | Val done   | val_loss=0.000459 | time=5.76 min
2026-05-11 10:49:17 | INFO | Epoch 9/100 | val not improved | lr adjusted to 0.00003125 | no_impv=2
2026-05-11 10:49:18 | INFO | Epoch 10/100 | Train start | batches=5882
2026-05-11 12:38:28 | INFO | Epoch 10/100 | Train done | train_loss=0.000176 | time=109.18 min
2026-05-11 12:38:28 | INFO | Epoch 10/100 | Val start   | batches=895
2026-05-11 12:44:25 | INFO | Epoch 10/100 | Val done   | val_loss=0.000456 | time=5.95 min
2026-05-11 12:44:25 | INFO | Epoch 10/100 | val not improved | lr adjusted to 0.00001563 | no_impv=3
2026-05-11 12:44:26 | INFO | Stage 2: ADFS is unfrozen. Training all modules.
2026-05-11 12:44:26 | INFO | Epoch 11/100 | Train start | batches=5882
2026-05-11 14:32:48 | INFO | Epoch 11/100 | Train done | train_loss=0.000213 | time=108.38 min
2026-05-11 14:32:48 | INFO | Epoch 11/100 | Val start   | batches=895
2026-05-11 14:38:32 | INFO | Epoch 11/100 | Val done   | val_loss=0.000484 | time=5.73 min
2026-05-11 14:38:32 | INFO | Epoch 11/100 | val not improved | lr adjusted to 0.00500000 | no_impv=4
2026-05-11 14:38:32 | INFO | Epoch 12/100 | Train start | batches=5882
2026-05-11 16:27:08 | INFO | Epoch 12/100 | Train done | train_loss=0.000207 | time=108.60 min
2026-05-11 16:27:08 | INFO | Epoch 12/100 | Val start   | batches=895
2026-05-11 16:33:09 | INFO | Epoch 12/100 | Val done   | val_loss=0.000444 | time=6.01 min
2026-05-11 16:33:09 | INFO | Epoch 12/100 | lr=0.00500000 | best_val=0.000444 | saved=model_best.pth
2026-05-11 16:33:10 | INFO | Epoch 13/100 | Train start | batches=5882
2026-05-11 18:21:47 | INFO | Epoch 13/100 | Train done | train_loss=0.000202 | time=108.62 min
2026-05-11 18:21:47 | INFO | Epoch 13/100 | Val start   | batches=895
2026-05-11 18:27:51 | INFO | Epoch 13/100 | Val done   | val_loss=0.000449 | time=6.07 min
2026-05-11 18:27:51 | INFO | Epoch 13/100 | val not improved | lr adjusted to 0.00250000 | no_impv=1
2026-05-11 18:27:51 | INFO | Epoch 14/100 | Train start | batches=5882
2026-05-11 20:19:24 | INFO | Epoch 14/100 | Train done | train_loss=0.000195 | time=111.55 min
2026-05-11 20:19:24 | INFO | Epoch 14/100 | Val start   | batches=895
2026-05-11 20:25:25 | INFO | Epoch 14/100 | Val done   | val_loss=0.000560 | time=6.02 min
2026-05-11 20:25:25 | INFO | Epoch 14/100 | val not improved | lr adjusted to 0.00125000 | no_impv=2
2026-05-11 20:25:25 | INFO | Epoch 15/100 | Train start | batches=5882
2026-05-11 22:20:29 | INFO | Epoch 15/100 | Train done | train_loss=0.000192 | time=115.06 min
2026-05-11 22:20:29 | INFO | Epoch 15/100 | Val start   | batches=895
2026-05-11 22:26:43 | INFO | Epoch 15/100 | Val done   | val_loss=0.000437 | time=6.24 min
2026-05-11 22:26:43 | INFO | Epoch 15/100 | lr=0.00125000 | best_val=0.000437 | saved=model_best.pth
2026-05-11 22:26:44 | INFO | Epoch 16/100 | Train start | batches=5882
2026-05-12 00:17:00 | INFO | Epoch 16/100 | Train done | train_loss=0.000186 | time=110.27 min
2026-05-12 00:17:00 | INFO | Epoch 16/100 | Val start   | batches=895
2026-05-12 00:23:06 | INFO | Epoch 16/100 | Val done   | val_loss=0.000536 | time=6.11 min
2026-05-12 00:23:06 | INFO | Epoch 16/100 | val not improved | lr adjusted to 0.00062500 | no_impv=1
2026-05-12 00:23:06 | INFO | Epoch 17/100 | Train start | batches=5882
2026-05-12 02:22:38 | INFO | Epoch 17/100 | Train done | train_loss=0.000182 | time=119.52 min
2026-05-12 02:22:38 | INFO | Epoch 17/100 | Val start   | batches=895
2026-05-12 02:29:15 | INFO | Epoch 17/100 | Val done   | val_loss=0.000429 | time=6.62 min
2026-05-12 02:29:15 | INFO | Epoch 17/100 | lr=0.00062500 | best_val=0.000429 | saved=model_best.pth
2026-05-12 02:29:15 | INFO | Epoch 18/100 | Train start | batches=5882
2026-05-12 04:29:59 | INFO | Epoch 18/100 | Train done | train_loss=0.000178 | time=120.73 min
2026-05-12 04:29:59 | INFO | Epoch 18/100 | Val start   | batches=895
2026-05-12 04:36:35 | INFO | Epoch 18/100 | Val done   | val_loss=0.000423 | time=6.59 min
2026-05-12 04:36:35 | INFO | Epoch 18/100 | lr=0.00062500 | best_val=0.000423 | saved=model_best.pth
2026-05-12 04:36:35 | INFO | Epoch 19/100 | Train start | batches=5882
2026-05-12 06:36:22 | INFO | Epoch 19/100 | Train done | train_loss=0.000176 | time=119.79 min
2026-05-12 06:36:22 | INFO | Epoch 19/100 | Val start   | batches=895
2026-05-12 06:42:55 | INFO | Epoch 19/100 | Val done   | val_loss=0.000423 | time=6.54 min
2026-05-12 06:42:55 | INFO | Epoch 19/100 | val not improved | lr adjusted to 0.00031250 | no_impv=1
2026-05-12 06:42:55 | INFO | Epoch 20/100 | Train start | batches=5882
2026-05-12 08:42:39 | INFO | Epoch 20/100 | Train done | train_loss=0.000173 | time=119.73 min
2026-05-12 08:42:39 | INFO | Epoch 20/100 | Val start   | batches=895
2026-05-12 08:49:11 | INFO | Epoch 20/100 | Val done   | val_loss=0.000417 | time=6.54 min
2026-05-12 08:49:11 | INFO | Epoch 20/100 | lr=0.00031250 | best_val=0.000417 | saved=model_best.pth
2026-05-12 08:49:12 | INFO | Epoch 21/100 | Train start | batches=5882
2026-05-12 10:49:22 | INFO | Epoch 21/100 | Train done | train_loss=0.000167 | time=120.17 min
2026-05-12 10:49:22 | INFO | Epoch 21/100 | Val start   | batches=895
2026-05-12 10:55:58 | INFO | Epoch 21/100 | Val done   | val_loss=0.000439 | time=6.61 min
2026-05-12 10:55:58 | INFO | Epoch 21/100 | val not improved | lr adjusted to 0.00015625 | no_impv=1
2026-05-12 10:55:59 | INFO | Epoch 22/100 | Train start | batches=5882
2026-05-12 12:54:46 | INFO | Epoch 22/100 | Train done | train_loss=0.000164 | time=118.79 min
2026-05-12 12:54:46 | INFO | Epoch 22/100 | Val start   | batches=895
2026-05-12 13:01:24 | INFO | Epoch 22/100 | Val done   | val_loss=0.000408 | time=6.63 min
2026-05-12 13:01:24 | INFO | Epoch 22/100 | lr=0.00015625 | best_val=0.000408 | saved=model_best.pth
2026-05-12 13:01:24 | INFO | Epoch 23/100 | Train start | batches=5882
2026-05-12 15:00:34 | INFO | Epoch 23/100 | Train done | train_loss=0.000163 | time=119.17 min
2026-05-12 15:00:34 | INFO | Epoch 23/100 | Val start   | batches=895
2026-05-12 15:07:06 | INFO | Epoch 23/100 | Val done   | val_loss=0.000415 | time=6.53 min
2026-05-12 15:07:06 | INFO | Epoch 23/100 | val not improved | lr adjusted to 0.00007813 | no_impv=1
2026-05-12 15:07:07 | INFO | Epoch 24/100 | Train start | batches=5882
2026-05-12 17:04:49 | INFO | Epoch 24/100 | Train done | train_loss=0.000159 | time=117.71 min
2026-05-12 17:04:49 | INFO | Epoch 24/100 | Val start   | batches=895
2026-05-12 17:11:16 | INFO | Epoch 24/100 | Val done   | val_loss=0.000413 | time=6.46 min
2026-05-12 17:11:16 | INFO | Epoch 24/100 | val not improved | lr adjusted to 0.00003906 | no_impv=2
2026-05-12 17:11:17 | INFO | Epoch 25/100 | Train start | batches=5882
2026-05-12 19:08:09 | INFO | Epoch 25/100 | Train done | train_loss=0.000156 | time=116.88 min
2026-05-12 19:08:09 | INFO | Epoch 25/100 | Val start   | batches=895
2026-05-12 19:14:41 | INFO | Epoch 25/100 | Val done   | val_loss=0.000427 | time=6.52 min
2026-05-12 19:14:41 | INFO | Epoch 25/100 | val not improved | lr adjusted to 0.00001953 | no_impv=3
2026-05-12 19:14:41 | INFO | Epoch 26/100 | Train start | batches=5882
2026-05-12 21:04:00 | INFO | Epoch 26/100 | Train done | train_loss=0.000154 | time=109.32 min
2026-05-12 21:04:00 | INFO | Epoch 26/100 | Val start   | batches=895
2026-05-12 21:09:56 | INFO | Epoch 26/100 | Val done   | val_loss=0.000407 | time=5.94 min
2026-05-12 21:09:56 | INFO | Epoch 26/100 | lr=0.00001953 | best_val=0.000407 | saved=model_best.pth
2026-05-12 21:09:56 | INFO | Epoch 27/100 | Train start | batches=5882
2026-05-12 23:06:34 | INFO | Epoch 27/100 | Train done | train_loss=0.000151 | time=116.63 min
2026-05-12 23:06:34 | INFO | Epoch 27/100 | Val start   | batches=895
2026-05-12 23:13:05 | INFO | Epoch 27/100 | Val done   | val_loss=0.000403 | time=6.52 min
2026-05-12 23:13:05 | INFO | Epoch 27/100 | lr=0.00001953 | best_val=0.000403 | saved=model_best.pth
2026-05-12 23:13:05 | INFO | Epoch 28/100 | Train start | batches=5882
2026-05-13 01:11:27 | INFO | Epoch 28/100 | Train done | train_loss=0.000154 | time=118.36 min
2026-05-13 01:11:27 | INFO | Epoch 28/100 | Val start   | batches=895
2026-05-13 01:17:54 | INFO | Epoch 28/100 | Val done   | val_loss=0.000416 | time=6.44 min
2026-05-13 01:17:54 | INFO | Epoch 28/100 | val not improved | lr adjusted to 0.00000977 | no_impv=1
2026-05-13 01:17:54 | INFO | Epoch 29/100 | Train start | batches=5882
2026-05-13 03:17:54 | INFO | Epoch 29/100 | Train done | train_loss=0.000149 | time=120.01 min
2026-05-13 03:17:54 | INFO | Epoch 29/100 | Val start   | batches=895
2026-05-13 03:24:26 | INFO | Epoch 29/100 | Val done   | val_loss=0.000418 | time=6.53 min
2026-05-13 03:24:26 | INFO | Epoch 29/100 | val not improved | lr adjusted to 0.00000488 | no_impv=2
2026-05-13 03:24:26 | INFO | Epoch 30/100 | Train start | batches=5882
2026-05-13 05:23:58 | INFO | Epoch 30/100 | Train done | train_loss=0.000146 | time=119.53 min
2026-05-13 05:23:58 | INFO | Epoch 30/100 | Val start   | batches=895
2026-05-13 05:30:26 | INFO | Epoch 30/100 | Val done   | val_loss=0.000386 | time=6.46 min
2026-05-13 05:30:26 | INFO | Epoch 30/100 | lr=0.00000488 | best_val=0.000386 | saved=model_best.pth
2026-05-13 05:30:26 | INFO | Epoch 31/100 | Train start | batches=5882
2026-05-13 07:28:12 | INFO | Epoch 31/100 | Train done | train_loss=0.000144 | time=117.76 min
2026-05-13 07:28:12 | INFO | Epoch 31/100 | Val start   | batches=895
2026-05-13 07:34:36 | INFO | Epoch 31/100 | Val done   | val_loss=0.000386 | time=6.40 min
2026-05-13 07:34:36 | INFO | Epoch 31/100 | val not improved | lr adjusted to 0.00000244 | no_impv=1
2026-05-13 07:34:36 | INFO | Epoch 32/100 | Train start | batches=5882
2026-05-13 09:33:27 | INFO | Epoch 32/100 | Train done | train_loss=0.000143 | time=118.86 min
2026-05-13 09:33:27 | INFO | Epoch 32/100 | Val start   | batches=895
2026-05-13 09:39:52 | INFO | Epoch 32/100 | Val done   | val_loss=0.000402 | time=6.41 min
2026-05-13 09:39:52 | INFO | Epoch 32/100 | val not improved | lr adjusted to 0.00000122 | no_impv=2
2026-05-13 09:39:52 | INFO | Epoch 33/100 | Train start | batches=5882
2026-05-13 11:36:01 | INFO | Epoch 33/100 | Train done | train_loss=0.000141 | time=116.15 min
2026-05-13 11:36:01 | INFO | Epoch 33/100 | Val start   | batches=895
2026-05-13 11:42:12 | INFO | Epoch 33/100 | Val done   | val_loss=0.000388 | time=6.17 min
2026-05-13 11:42:12 | INFO | Epoch 33/100 | val not improved | lr adjusted to 0.00000061 | no_impv=3
2026-05-13 11:42:12 | INFO | Epoch 34/100 | Train start | batches=5882
2026-05-13 13:30:51 | INFO | Epoch 34/100 | Train done | train_loss=0.000141 | time=108.65 min
2026-05-13 13:30:51 | INFO | Epoch 34/100 | Val start   | batches=895
2026-05-13 13:36:31 | INFO | Epoch 34/100 | Val done   | val_loss=0.000373 | time=5.67 min
2026-05-13 13:36:31 | INFO | Epoch 34/100 | lr=0.00000061 | best_val=0.000373 | saved=model_best.pth
2026-05-13 13:36:31 | INFO | Epoch 35/100 | Train start | batches=5882
2026-05-13 15:35:52 | INFO | Epoch 35/100 | Train done | train_loss=0.000138 | time=119.34 min
2026-05-13 15:35:52 | INFO | Epoch 35/100 | Val start   | batches=895
2026-05-13 15:41:57 | INFO | Epoch 35/100 | Val done   | val_loss=0.000399 | time=6.09 min
2026-05-13 15:41:57 | INFO | Epoch 35/100 | val not improved | lr adjusted to 0.00000031 | no_impv=1
2026-05-13 15:41:58 | INFO | Epoch 36/100 | Train start | batches=5882
2026-05-13 17:31:36 | INFO | Epoch 36/100 | Train done | train_loss=0.000136 | time=109.63 min
2026-05-13 17:31:36 | INFO | Epoch 36/100 | Val start   | batches=895
2026-05-13 17:37:56 | INFO | Epoch 36/100 | Val done   | val_loss=0.000397 | time=6.33 min
2026-05-13 17:37:56 | INFO | Epoch 36/100 | val not improved | lr adjusted to 0.00000015 | no_impv=2
2026-05-13 17:37:56 | INFO | Epoch 37/100 | Train start | batches=5882
2026-05-13 19:28:48 | INFO | Epoch 37/100 | Train done | train_loss=0.000135 | time=110.87 min
2026-05-13 19:28:48 | INFO | Epoch 37/100 | Val start   | batches=895
2026-05-13 19:34:54 | INFO | Epoch 37/100 | Val done   | val_loss=0.000397 | time=6.09 min
2026-05-13 19:34:54 | INFO | Epoch 37/100 | val not improved | lr adjusted to 0.00000008 | no_impv=3
2026-05-13 19:34:54 | INFO | Epoch 38/100 | Train start | batches=5882
2026-05-13 21:27:00 | INFO | Epoch 38/100 | Train done | train_loss=0.000134 | time=112.09 min
2026-05-13 21:27:00 | INFO | Epoch 38/100 | Val start   | batches=895
2026-05-13 21:33:33 | INFO | Epoch 38/100 | Val done   | val_loss=0.000390 | time=6.56 min
2026-05-13 21:33:33 | INFO | Epoch 38/100 | val not improved | lr adjusted to 0.00000004 | no_impv=4
2026-05-13 21:33:34 | INFO | Epoch 39/100 | Train start | batches=5882
2026-05-13 23:28:36 | INFO | Epoch 39/100 | Train done | train_loss=0.000133 | time=115.05 min
2026-05-13 23:28:36 | INFO | Epoch 39/100 | Val start   | batches=895
2026-05-13 23:34:54 | INFO | Epoch 39/100 | Val done   | val_loss=0.000390 | time=6.28 min
2026-05-13 23:34:54 | INFO | Epoch 39/100 | val not improved | lr adjusted to 0.00000002 | no_impv=5
2026-05-13 23:34:54 | INFO | No improvements for 5 epochs, early stopping.
2026-05-13 23:34:54 | INFO | Training finished.
